// Jest Snapshot v1, https://goo.gl/fbAQLP

exports[`renders correctly 1`] = `
<div
  className="css-1s0vyms"
  style={
    Object {
      "padding": "0px 60px",
    }
  }
>
  <span
    style={
      Object {
        "fontSize": "22px",
      }
    }
  >
    Market
  </span>
  <div
    aria-label=""
    aria-labelledby={null}
    className=" css-7fv8xe"
    data-mui-internal-clone-element={true}
    onBlur={[Function]}
    onClick={[Function]}
    onFocus={[Function]}
    onMouseLeave={[Function]}
    onMouseOver={[Function]}
    onTouchEnd={[Function]}
    onTouchStart={[Function]}
  >
    <span
      style={
        Object {
          "marginRight": 15,
        }
      }
    >
      Go to Cart
    </span>
    <span
      className="BaseBadge-root MuiBadge-root css-1c32n2y-MuiBadge-root"
    >
      <svg
        aria-hidden={true}
        className="MuiSvgIcon-root MuiSvgIcon-fontSizeMedium css-i4bv87-MuiSvgIcon-root"
        data-testid="ShoppingCartIcon"
        focusable="false"
        viewBox="0 0 24 24"
      >
        <path
          d="M7 18c-1.1 0-1.99.9-1.99 2S5.9 22 7 22s2-.9 2-2-.9-2-2-2zM1 2v2h2l3.6 7.59-1.35 2.45c-.16.28-.25.61-.25.96 0 1.1.9 2 2 2h12v-2H7.42c-.14 0-.25-.11-.25-.25l.03-.12.9-1.63h7.45c.75 0 1.41-.41 1.75-1.03l3.58-6.49c.08-.14.12-.31.12-.48 0-.55-.45-1-1-1H5.21l-.94-2H1zm16 16c-1.1 0-1.99.9-1.99 2s.89 2 1.99 2 2-.9 2-2-.9-2-2-2z"
        />
      </svg>
      <span
        className="BaseBadge-badge MuiBadge-badge MuiBadge-standard MuiBadge-invisible MuiBadge-anchorOriginTopRight MuiBadge-anchorOriginTopRightRectangular MuiBadge-overlapRectangular MuiBadge-colorPrimary css-106c1u2-MuiBadge-badge"
      />
    </span>
    <span
      style={
        Object {
          "marginLeft": 15,
          "visibility": false,
        }
      }
    />
  </div>
</div>
`;
